// Jest Snapshot v1, https://goo.gl/fbAQLP

exports[`Search renders Search 1`] = `
<DocumentFragment>
  <div
    class="search"
  >
    <form
      class="search-form"
    >
      <input
        class="search-input"
        type="text"
      />
      <button
        class="search-button"
        type="submit"
      >
        Go!
      </button>
    </form>
  </div>
</DocumentFragment>
`;
